ConfinementCheckerBug.java:43:21: compiler.warn.confinement.violation: list, ConfinementBug, run()
1 warning
