Escape.java:46:33: compiler.warn.capsule.escape.inner.class: escapee, <anonymous Escape
1 warning