TEscapeThroughAnonClass.java:53:33: compiler.warn.confinement.violation: escapeei, TEscapeThroughAnonClass, run()
1 warning