IncorrectWiring1.java:42:12: compiler.err.prob.found.req: java.lang.String, int
1 error
