TCapInState.java:26:7: compiler.err.states.with.capsule.type.error
1 error
