TConfineInstance.java:33:8: compiler.err.invalid.access.of.capsules.states
1 error
