TInvalidSystemInit.java:29:17: compiler.err.design.cannot.init.variable: c
1 error
