TStoreCapsuleInState.java:30:11: compiler.err.capsule.cannot.be.stored.in.local
1 error
