TInvalidWiringBlock.java:27:12: compiler.err.expected: '{'
1 error
