- compiler.err.active.capsule.filename.mismatch: TMainCapsule, TMainCapsuleNameMismatch.java
1 error