TMultipleInitializers.java:29:5: compiler.err.capsules.cant.have.multiple.initializers
1 error
