TStateTypeasCapsule.java:32:9: compiler.err.states.with.capsule.type.error
1 error