TErrorDesignDeclPos.java:33:9: compiler.err.only.capsule.types.allowed: int
1 error