TInvalidCapsuleArraySize.java:28:47: compiler.err.design.decl.cant.compute.array.size: Constants.SIZE, Pi
1 error